Release 13.2 - xst O.61xd (nt64)
Copyright (c) 1995-2011 Xilinx, Inc.  All rights reserved.
--> Parameter TMPDIR set to xst/projnav.tmp


Total REAL time to Xst completion: 0.00 secs
Total CPU time to Xst completion: 0.27 secs
 
--> Parameter xsthdpdir set to xst


Total REAL time to Xst completion: 0.00 secs
Total CPU time to Xst completion: 0.28 secs
 
--> Reading design: ServoControl.prj

TABLE OF CONTENTS
  1) Synthesis Options Summary
  2) HDL Parsing
  3) HDL Elaboration
  4) HDL Synthesis
       4.1) HDL Synthesis Report
  5) Advanced HDL Synthesis
       5.1) Advanced HDL Synthesis Report
  6) Low Level Synthesis
  7) Partition Report
  8) Design Summary
       8.1) Primitive and Black Box Usage
       8.2) Device utilization summary
       8.3) Partition Resource Summary
       8.4) Timing Report
            8.4.1) Clock Information
            8.4.2) Asynchronous Control Signals Information
            8.4.3) Timing Summary
            8.4.4) Timing Details
            8.4.5) Cross Clock Domains Report


=========================================================================
*                      Synthesis Options Summary                        *
=========================================================================
---- Source Parameters
Input File Name                    : "ServoControl.prj"
Input Format                       : mixed
Ignore Synthesis Constraint File   : NO

---- Target Parameters
Output File Name                   : "ServoControl"
Output Format                      : NGC
Target Device                      : xc6slx16-3-csg324

---- Source Options
Top Module Name                    : ServoControl
Automatic FSM Extraction           : YES
FSM Encoding Algorithm             : Auto
Safe Implementation                : No
FSM Style                          : LUT
RAM Extraction                     : Yes
RAM Style                          : Auto
ROM Extraction                     : Yes
Shift Register Extraction          : YES
ROM Style                          : Auto
Resource Sharing                   : YES
Asynchronous To Synchronous        : NO
Shift Register Minimum Size        : 2
Use DSP Block                      : Auto
Automatic Register Balancing       : No

---- Target Options
LUT Combining                      : Auto
Reduce Control Sets                : Auto
Add IO Buffers                     : YES
Global Maximum Fanout              : 100000
Add Generic Clock Buffer(BUFG)     : 16
Register Duplication               : YES
Optimize Instantiated Primitives   : NO
Use Clock Enable                   : Auto
Use Synchronous Set                : Auto
Use Synchronous Reset              : Auto
Pack IO Registers into IOBs        : Auto
Equivalent register Removal        : YES

---- General Options
Optimization Goal                  : Speed
Optimization Effort                : 1
Power Reduction                    : NO
Keep Hierarchy                     : No
Netlist Hierarchy                  : As_Optimized
RTL Output                         : Yes
Global Optimization                : AllClockNets
Read Cores                         : YES
Write Timing Constraints           : NO
Cross Clock Analysis               : NO
Hierarchy Separator                : /
Bus Delimiter                      : <>
Case Specifier                     : Maintain
Slice Utilization Ratio            : 100
BRAM Utilization Ratio             : 100
DSP48 Utilization Ratio            : 100
Auto BRAM Packing                  : NO
Slice Utilization Ratio Delta      : 5

=========================================================================


=========================================================================
*                          HDL Parsing                                  *
=========================================================================
Parsing VHDL file "D:\ProySisDigAva\P18a_ServoControl_Felipe_Santiago_Rafael\ServoControl.vhd" into library work
Parsing entity <ServoControl>.
Parsing architecture <Behavioral> of entity <servocontrol>.

=========================================================================
*                            HDL Elaboration                            *
=========================================================================

Elaborating entity <ServoControl> (architecture <Behavioral>) from library <work>.

=========================================================================
*                           HDL Synthesis                               *
=========================================================================

Synthesizing Unit <ServoControl>.
    Related source file is "d:/proysisdigava/p18a_servocontrol_felipe_santiago_rafael/servocontrol.vhd".
    Found 21-bit register for signal <ContDiv>.
    Found 18-bit adder for signal <n0017[17:0]> created at line 49.
    Found 21-bit adder for signal <ContDiv[20]_GND_5_o_add_3_OUT> created at line 63.
    Found 8x9-bit multiplier for signal <Angulo[7]_PWR_5_o_MuLt_0_OUT> created at line 49.
    Found 31-bit comparator greater for signal <Senal> created at line 68
    Summary:
	inferred   1 Multiplier(s).
	inferred   2 Adder/Subtractor(s).
	inferred  21 D-type flip-flop(s).
	inferred   1 Comparator(s).
	inferred   1 Multiplexer(s).
Unit <ServoControl> synthesized.

=========================================================================
HDL Synthesis Report

Macro Statistics
# Multipliers                                          : 1
 9x8-bit multiplier                                    : 1
# Adders/Subtractors                                   : 2
 18-bit adder                                          : 1
 21-bit adder                                          : 1
# Registers                                            : 1
 21-bit register                                       : 1
# Comparators                                          : 1
 31-bit comparator greater                             : 1
# Multiplexers                                         : 1
 21-bit 2-to-1 multiplexer                             : 1

=========================================================================

=========================================================================
*                       Advanced HDL Synthesis                          *
=========================================================================


Synthesizing (advanced) Unit <ServoControl>.
The following registers are absorbed into counter <ContDiv>: 1 register on signal <ContDiv>.
	Multiplier <Mmult_Angulo[7]_PWR_5_o_MuLt_0_OUT> in block <ServoControl> and adder/subtractor <Madd_n0017[17:0]> in block <ServoControl> are combined into a MAC<Maddsub_Angulo[7]_PWR_5_o_MuLt_0_OUT>.
Unit <ServoControl> synthesized (advanced).

=========================================================================
Advanced HDL Synthesis Report

Macro Statistics
# MACs                                                 : 1
 9x8-to-18-bit MAC                                     : 1
# Counters                                             : 1
 21-bit up counter                                     : 1
# Comparators                                          : 1
 31-bit comparator greater                             : 1

=========================================================================

=========================================================================
*                         Low Level Synthesis                           *
=========================================================================

Optimizing unit <ServoControl> ...

Mapping all equations...
Building and optimizing final netlist ...
Found area constraint ratio of 100 (+ 5) on block ServoControl, actual ratio is 0.

Final Macro Processing ...

=========================================================================
Final Register Report

Macro Statistics
# Registers                                            : 21
 Flip-Flops                                            : 21

=========================================================================

=========================================================================
*                           Partition Report                            *
=========================================================================

Partition Implementation Status
-------------------------------

  No Partitions were found in this design.

-------------------------------

=========================================================================
*                            Design Summary                             *
=========================================================================

Top Level Output File Name         : ServoControl.ngc

Primitive and Black Box Usage:
------------------------------
# BELS                             : 118
#      GND                         : 1
#      INV                         : 1
#      LUT1                        : 20
#      LUT2                        : 21
#      LUT3                        : 1
#      LUT4                        : 16
#      LUT5                        : 2
#      LUT6                        : 5
#      MUXCY                       : 29
#      VCC                         : 1
#      XORCY                       : 21
# FlipFlops/Latches                : 21
#      FDC                         : 21
# Clock Buffers                    : 1
#      BUFGP                       : 1
# IO Buffers                       : 10
#      IBUF                        : 9
#      OBUF                        : 1
# DSPs                             : 1
#      DSP48A1                     : 1

Device utilization summary:
---------------------------

Selected Device : 6slx16csg324-3 


Slice Logic Utilization: 
 Number of Slice Registers:              21  out of  18224     0%  
 Number of Slice LUTs:                   66  out of   9112     0%  
    Number used as Logic:                66  out of   9112     0%  

Slice Logic Distribution: 
 Number of LUT Flip Flop pairs used:     66
   Number with an unused Flip Flop:      45  out of     66    68%  
   Number with an unused LUT:             0  out of     66     0%  
   Number of fully used LUT-FF pairs:    21  out of     66    31%  
   Number of unique control sets:         1

IO Utilization: 
 Number of IOs:                          11
 Number of bonded IOBs:                  11  out of    232     4%  

Specific Feature Utilization:
 Number of BUFG/BUFGCTRLs:                1  out of     16     6%  
 Number of DSP48A1s:                      1  out of     32     3%  

---------------------------
Partition Resource Summary:
---------------------------

  No Partitions were found in this design.

---------------------------


=========================================================================
Timing Report

NOTE: THESE TIMING NUMBERS ARE ONLY A SYNTHESIS ESTIMATE.
      FOR ACCURATE TIMING INFORMATION PLEASE REFER TO THE TRACE REPORT
      GENERATED AFTER PLACE-and-ROUTE.

Clock Information:
------------------
-----------------------------------+------------------------+-------+
Clock Signal                       | Clock buffer(FF name)  | Load  |
-----------------------------------+------------------------+-------+
Clk                                | BUFGP                  | 21    |
-----------------------------------+------------------------+-------+

Asynchronous Control Signals Information:
----------------------------------------
No asynchronous control signals found in this design

Timing Summary:
---------------
Speed Grade: -3

   Minimum period: 3.938ns (Maximum Frequency: 253.930MHz)
   Minimum input arrival time before clock: 2.765ns
   Maximum output required time after clock: 6.016ns
   Maximum combinational path delay: 11.881ns

Timing Details:
---------------
All values displayed in nanoseconds (ns)

=========================================================================
Timing constraint: Default period analysis for Clock 'Clk'
  Clock period: 3.938ns (frequency: 253.930MHz)
  Total number of paths / destination ports: 672 / 21
-------------------------------------------------------------------------
Delay:               3.938ns (Levels of Logic = 3)
  Source:            ContDiv_14 (FF)
  Destination:       ContDiv_0 (FF)
  Source Clock:      Clk rising
  Destination Clock: Clk rising

  Data Path: ContDiv_14 to ContDiv_0
                                Gate     Net
    Cell:in->out      fanout   Delay   Delay  Logical Name (Net Name)
    ----------------------------------------  ------------
     FDC:C->Q              4   0.447   1.048  ContDiv_14 (ContDiv_14)
     LUT6:I0->O            2   0.203   0.845  PWR_5_o_ContDiv[20]_equal_3_o<20>5_SW0 (N3)
     LUT6:I3->O           11   0.205   0.883  PWR_5_o_ContDiv[20]_equal_3_o<20>5 (PWR_5_o_ContDiv[20]_equal_3_o)
     LUT2:I1->O            1   0.205   0.000  Mcount_ContDiv_eqn_01 (Mcount_ContDiv_eqn_0)
     FDC:D                     0.102          ContDiv_0
    ----------------------------------------
    Total                      3.938ns (1.162ns logic, 2.776ns route)
                                       (29.5% logic, 70.5% route)

=========================================================================
Timing constraint: Default OFFSET IN BEFORE for Clock 'Clk'
  Total number of paths / destination ports: 21 / 21
-------------------------------------------------------------------------
Offset:              2.765ns (Levels of Logic = 1)
  Source:            Rst (PAD)
  Destination:       ContDiv_0 (FF)
  Destination Clock: Clk rising

  Data Path: Rst to ContDiv_0
                                Gate     Net
    Cell:in->out      fanout   Delay   Delay  Logical Name (Net Name)
    ----------------------------------------  ------------
     IBUF:I->O            21   1.222   1.113  Rst_IBUF (Rst_IBUF)
     FDC:CLR                   0.430          ContDiv_0
    ----------------------------------------
    Total                      2.765ns (1.652ns logic, 1.113ns route)
                                       (59.8% logic, 40.2% route)

=========================================================================
Timing constraint: Default OFFSET OUT AFTER for Clock 'Clk'
  Total number of paths / destination ports: 40 / 1
-------------------------------------------------------------------------
Offset:              6.016ns (Levels of Logic = 12)
  Source:            ContDiv_0 (FF)
  Destination:       Senal (PAD)
  Source Clock:      Clk rising

  Data Path: ContDiv_0 to Senal
                                Gate     Net
    Cell:in->out      fanout   Delay   Delay  Logical Name (Net Name)
    ----------------------------------------  ------------
     FDC:C->Q              4   0.447   0.912  ContDiv_0 (ContDiv_0)
     LUT4:I1->O            1   0.205   0.000  Mcompar_Senal_lut<0> (Mcompar_Senal_lut<0>)
     MUXCY:S->O            1   0.172   0.000  Mcompar_Senal_cy<0> (Mcompar_Senal_cy<0>)
     MUXCY:CI->O           1   0.019   0.000  Mcompar_Senal_cy<1> (Mcompar_Senal_cy<1>)
     MUXCY:CI->O           1   0.019   0.000  Mcompar_Senal_cy<2> (Mcompar_Senal_cy<2>)
     MUXCY:CI->O           1   0.019   0.000  Mcompar_Senal_cy<3> (Mcompar_Senal_cy<3>)
     MUXCY:CI->O           1   0.019   0.000  Mcompar_Senal_cy<4> (Mcompar_Senal_cy<4>)
     MUXCY:CI->O           1   0.019   0.000  Mcompar_Senal_cy<5> (Mcompar_Senal_cy<5>)
     MUXCY:CI->O           1   0.019   0.000  Mcompar_Senal_cy<6> (Mcompar_Senal_cy<6>)
     MUXCY:CI->O           1   0.019   0.000  Mcompar_Senal_cy<7> (Mcompar_Senal_cy<7>)
     MUXCY:CI->O           1   0.213   0.580  Mcompar_Senal_cy<8> (Mcompar_Senal_cy<8>)
     LUT3:I2->O            1   0.205   0.579  Mcompar_Senal_cy<9>_inv1 (Senal_OBUF)
     OBUF:I->O                 2.571          Senal_OBUF (Senal)
    ----------------------------------------
    Total                      6.016ns (3.946ns logic, 2.070ns route)
                                       (65.6% logic, 34.4% route)

=========================================================================
Timing constraint: Default path analysis
  Total number of paths / destination ports: 288 / 1
-------------------------------------------------------------------------
Delay:               11.881ns (Levels of Logic = 14)
  Source:            Angulo<7> (PAD)
  Destination:       Senal (PAD)

  Data Path: Angulo<7> to Senal
                                Gate     Net
    Cell:in->out      fanout   Delay   Delay  Logical Name (Net Name)
    ----------------------------------------  ------------
     IBUF:I->O             1   1.222   0.579  Angulo_7_IBUF (Angulo_7_IBUF)
     DSP48A1:A7->P0        2   4.560   0.864  Maddsub_Angulo[7]_PWR_5_o_MuLt_0_OUT (n0017[17:0]<0>)
     LUT4:I0->O            1   0.203   0.000  Mcompar_Senal_lut<0> (Mcompar_Senal_lut<0>)
     MUXCY:S->O            1   0.172   0.000  Mcompar_Senal_cy<0> (Mcompar_Senal_cy<0>)
     MUXCY:CI->O           1   0.019   0.000  Mcompar_Senal_cy<1> (Mcompar_Senal_cy<1>)
     MUXCY:CI->O           1   0.019   0.000  Mcompar_Senal_cy<2> (Mcompar_Senal_cy<2>)
     MUXCY:CI->O           1   0.019   0.000  Mcompar_Senal_cy<3> (Mcompar_Senal_cy<3>)
     MUXCY:CI->O           1   0.019   0.000  Mcompar_Senal_cy<4> (Mcompar_Senal_cy<4>)
     MUXCY:CI->O           1   0.019   0.000  Mcompar_Senal_cy<5> (Mcompar_Senal_cy<5>)
     MUXCY:CI->O           1   0.019   0.000  Mcompar_Senal_cy<6> (Mcompar_Senal_cy<6>)
     MUXCY:CI->O           1   0.019   0.000  Mcompar_Senal_cy<7> (Mcompar_Senal_cy<7>)
     MUXCY:CI->O           1   0.213   0.580  Mcompar_Senal_cy<8> (Mcompar_Senal_cy<8>)
     LUT3:I2->O            1   0.205   0.579  Mcompar_Senal_cy<9>_inv1 (Senal_OBUF)
     OBUF:I->O                 2.571          Senal_OBUF (Senal)
    ----------------------------------------
    Total                     11.881ns (9.279ns logic, 2.602ns route)
                                       (78.1% logic, 21.9% route)

=========================================================================

Cross Clock Domains Report:
--------------------------

Clock to Setup on destination clock Clk
---------------+---------+---------+---------+---------+
               | Src:Rise| Src:Fall| Src:Rise| Src:Fall|
Source Clock   |Dest:Rise|Dest:Rise|Dest:Fall|Dest:Fall|
---------------+---------+---------+---------+---------+
Clk            |    3.938|         |         |         |
---------------+---------+---------+---------+---------+

=========================================================================


Total REAL time to Xst completion: 9.00 secs
Total CPU time to Xst completion: 9.32 secs
 
--> 

Total memory usage is 247996 kilobytes

Number of errors   :    0 (   0 filtered)
Number of warnings :    0 (   0 filtered)
Number of infos    :    0 (   0 filtered)

