--------------------------------------------------------------------------------
Release 14.7 Trace  (nt64)
Copyright (c) 1995-2013 Xilinx, Inc.  All rights reserved.

C:\Xilinx\14.7\ISE_DS\ISE\bin\nt64\unwrapped\trce.exe -intstyle ise -v 3 -s 3
-n 3 -fastpaths -xml Top.twx Top.ncd -o Top.twr Top.pcf -ucf Robot_Sumo.ucf

Design file:              Top.ncd
Physical constraint file: Top.pcf
Device,package,speed:     xc6slx16,csg324,C,-3 (PRODUCTION 1.23 2013-10-13)
Report level:             verbose report

Environment Variable      Effect 
--------------------      ------ 
NONE                      No environment variables were set
--------------------------------------------------------------------------------

INFO:Timing:2698 - No timing constraints found, doing default enumeration.
INFO:Timing:3412 - To improve timing, see the Timing Closure User Guide (UG612).
INFO:Timing:2752 - To get complete path coverage, use the unconstrained paths 
   option. All paths that are not constrained will be reported in the 
   unconstrained paths section(s) of the report.
INFO:Timing:3339 - The clock-to-out numbers in this timing report are based on 
   a 50 Ohm transmission line loading model.  For the details of this model, 
   and for more information on accounting for different loading conditions, 
   please see the device datasheet.



Data Sheet report:
-----------------
All values displayed in nanoseconds (ns)

Setup/Hold to clock in_Clk100MHz
------------+------------+------------+------------+------------+------------------+--------+
            |Max Setup to|  Process   |Max Hold to |  Process   |                  | Clock  |
Source      | clk (edge) |   Corner   | clk (edge) |   Corner   |Internal Clock(s) | Phase  |
------------+------------+------------+------------+------------+------------------+--------+
in_Action<0>|   11.618(R)|      SLOW  |   -2.921(R)|      FAST  |in_Clk100MHz_BUFGP|   0.000|
in_Action<1>|   11.747(R)|      SLOW  |   -2.533(R)|      FAST  |in_Clk100MHz_BUFGP|   0.000|
in_Action<2>|   11.524(R)|      SLOW  |   -2.574(R)|      FAST  |in_Clk100MHz_BUFGP|   0.000|
in_Action<3>|   11.247(R)|      SLOW  |   -2.563(R)|      FAST  |in_Clk100MHz_BUFGP|   0.000|
in_Action<4>|   10.939(R)|      SLOW  |   -2.427(R)|      FAST  |in_Clk100MHz_BUFGP|   0.000|
in_Action<5>|   11.192(R)|      SLOW  |   -2.845(R)|      FAST  |in_Clk100MHz_BUFGP|   0.000|
in_Action<6>|   10.480(R)|      SLOW  |   -2.187(R)|      FAST  |in_Clk100MHz_BUFGP|   0.000|
in_Action<7>|   10.579(R)|      SLOW  |   -3.031(R)|      FAST  |in_Clk100MHz_BUFGP|   0.000|
in_Rst      |    3.296(R)|      SLOW  |   -1.469(R)|      FAST  |in_Clk100MHz_BUFGP|   0.000|
------------+------------+------------+------------+------------+------------------+--------+

Clock in_Clk100MHz to Pad
------------+-----------------+------------+-----------------+------------+------------------+--------+
            |Max (slowest) clk|  Process   |Min (fastest) clk|  Process   |                  | Clock  |
Destination |  (edge) to PAD  |   Corner   |  (edge) to PAD  |   Corner   |Internal Clock(s) | Phase  |
------------+-----------------+------------+-----------------+------------+------------------+--------+
out_motor_1 |         8.446(R)|      SLOW  |         4.452(R)|      FAST  |in_Clk100MHz_BUFGP|   0.000|
------------+-----------------+------------+-----------------+------------+------------------+--------+

Clock to Setup on destination clock in_Clk100MHz
---------------+---------+---------+---------+---------+
               | Src:Rise| Src:Fall| Src:Rise| Src:Fall|
Source Clock   |Dest:Rise|Dest:Rise|Dest:Fall|Dest:Fall|
---------------+---------+---------+---------+---------+
in_Clk100MHz   |    4.502|         |         |         |
---------------+---------+---------+---------+---------+


Analysis completed Sat Nov 21 14:00:25 2015 
--------------------------------------------------------------------------------

Trace Settings:
-------------------------
Trace Settings 

Peak Memory Usage: 241 MB



