--------------------------------------------------------------------------------
Release 14.7 Trace  (nt64)
Copyright (c) 1995-2013 Xilinx, Inc.  All rights reserved.

C:\Xilinx\14.7\ISE_DS\ISE\bin\nt64\unwrapped\trce.exe -intstyle ise -v 3 -s 3
-n 3 -fastpaths -xml Ultrasonic.twx Ultrasonic.ncd -o Ultrasonic.twr
Ultrasonic.pcf -ucf Ultrasonic_Rx.ucf

Design file:              Ultrasonic.ncd
Physical constraint file: Ultrasonic.pcf
Device,package,speed:     xc6slx16,csg324,C,-3 (PRODUCTION 1.23 2013-10-13)
Report level:             verbose report

Environment Variable      Effect 
--------------------      ------ 
NONE                      No environment variables were set
--------------------------------------------------------------------------------

INFO:Timing:2698 - No timing constraints found, doing default enumeration.
INFO:Timing:3412 - To improve timing, see the Timing Closure User Guide (UG612).
INFO:Timing:2752 - To get complete path coverage, use the unconstrained paths 
   option. All paths that are not constrained will be reported in the 
   unconstrained paths section(s) of the report.
INFO:Timing:3339 - The clock-to-out numbers in this timing report are based on 
   a 50 Ohm transmission line loading model.  For the details of this model, 
   and for more information on accounting for different loading conditions, 
   please see the device datasheet.



Data Sheet report:
-----------------
All values displayed in nanoseconds (ns)

Setup/Hold to clock Clk
------------+------------+------------+------------+------------+------------------+--------+
            |Max Setup to|  Process   |Max Hold to |  Process   |                  | Clock  |
Source      | clk (edge) |   Corner   | clk (edge) |   Corner   |Internal Clock(s) | Phase  |
------------+------------+------------+------------+------------+------------------+--------+
Rst         |    4.202(R)|      SLOW  |   -1.049(R)|      FAST  |Clk_BUFGP         |   0.000|
Rx          |    1.613(R)|      SLOW  |   -0.914(R)|      FAST  |Clk_BUFGP         |   0.000|
------------+------------+------------+------------+------------+------------------+--------+

Clock Clk to Pad
------------+-----------------+------------+-----------------+------------+------------------+--------+
            |Max (slowest) clk|  Process   |Min (fastest) clk|  Process   |                  | Clock  |
Destination |  (edge) to PAD  |   Corner   |  (edge) to PAD  |   Corner   |Internal Clock(s) | Phase  |
------------+-----------------+------------+-----------------+------------+------------------+--------+
LEDs<0>     |         7.904(R)|      SLOW  |         4.212(R)|      FAST  |Clk_BUFGP         |   0.000|
LEDs<1>     |         7.850(R)|      SLOW  |         4.173(R)|      FAST  |Clk_BUFGP         |   0.000|
LEDs<2>     |         8.097(R)|      SLOW  |         4.328(R)|      FAST  |Clk_BUFGP         |   0.000|
LEDs<3>     |         7.870(R)|      SLOW  |         4.190(R)|      FAST  |Clk_BUFGP         |   0.000|
LEDs<4>     |         8.202(R)|      SLOW  |         4.393(R)|      FAST  |Clk_BUFGP         |   0.000|
LEDs<5>     |         8.032(R)|      SLOW  |         4.271(R)|      FAST  |Clk_BUFGP         |   0.000|
LEDs<6>     |         8.920(R)|      SLOW  |         4.857(R)|      FAST  |Clk_BUFGP         |   0.000|
LEDs<7>     |         8.753(R)|      SLOW  |         4.728(R)|      FAST  |Clk_BUFGP         |   0.000|
Tx          |         9.394(R)|      SLOW  |         4.984(R)|      FAST  |Clk_BUFGP         |   0.000|
------------+-----------------+------------+-----------------+------------+------------------+--------+

Clock to Setup on destination clock Clk
---------------+---------+---------+---------+---------+
               | Src:Rise| Src:Fall| Src:Rise| Src:Fall|
Source Clock   |Dest:Rise|Dest:Rise|Dest:Fall|Dest:Fall|
---------------+---------+---------+---------+---------+
Clk            |   28.000|         |         |         |
---------------+---------+---------+---------+---------+


Analysis completed Mon Nov 30 18:15:32 2015 
--------------------------------------------------------------------------------

Trace Settings:
-------------------------
Trace Settings 

Peak Memory Usage: 241 MB



