--------------------------------------------------------------------------------
Release 14.7 Trace  (nt64)
Copyright (c) 1995-2013 Xilinx, Inc.  All rights reserved.

C:\Xilinx\14.7\ISE_DS\ISE\bin\nt64\unwrapped\trce.exe -intstyle ise -v 3 -s 3
-n 3 -fastpaths -xml Priority_Encoder_op.twx Priority_Encoder_op.ncd -o
Priority_Encoder_op.twr Priority_Encoder_op.pcf -ucf Priority_Encoder_op.ucf

Design file:              Priority_Encoder_op.ncd
Physical constraint file: Priority_Encoder_op.pcf
Device,package,speed:     xc6slx16,csg324,C,-3 (PRODUCTION 1.23 2013-10-13)
Report level:             verbose report

Environment Variable      Effect 
--------------------      ------ 
NONE                      No environment variables were set
--------------------------------------------------------------------------------

INFO:Timing:2698 - No timing constraints found, doing default enumeration.
INFO:Timing:3412 - To improve timing, see the Timing Closure User Guide (UG612).
INFO:Timing:2752 - To get complete path coverage, use the unconstrained paths 
   option. All paths that are not constrained will be reported in the 
   unconstrained paths section(s) of the report.
INFO:Timing:3339 - The clock-to-out numbers in this timing report are based on 
   a 50 Ohm transmission line loading model.  For the details of this model, 
   and for more information on accounting for different loading conditions, 
   please see the device datasheet.



Data Sheet report:
-----------------
All values displayed in nanoseconds (ns)

Pad to Pad
---------------+---------------+---------+
Source Pad     |Destination Pad|  Delay  |
---------------+---------------+---------+
input<0>       |output<0>      |    7.416|
input<1>       |output<0>      |    7.432|
input<1>       |output<1>      |    7.416|
input<2>       |output<0>      |    7.213|
input<2>       |output<1>      |    7.137|
input<3>       |output<0>      |    7.155|
input<3>       |output<1>      |    7.166|
input<3>       |output<2>      |    7.241|
input<4>       |output<0>      |    7.409|
input<4>       |output<1>      |    7.859|
input<4>       |output<2>      |    7.845|
input<5>       |output<0>      |    7.286|
input<5>       |output<1>      |    7.248|
input<5>       |output<2>      |    7.650|
input<6>       |output<0>      |    7.374|
input<6>       |output<1>      |    7.343|
input<6>       |output<2>      |    7.833|
---------------+---------------+---------+


Analysis completed Tue Sep 08 16:27:09 2015 
--------------------------------------------------------------------------------

Trace Settings:
-------------------------
Trace Settings 

Peak Memory Usage: 240 MB



