Release 14.7 - xst P.20131013 (nt)
Copyright (c) 1995-2013 Xilinx, Inc.  All rights reserved.
--> Parameter TMPDIR set to xst/projnav.tmp


Total REAL time to Xst completion: 0.00 secs
Total CPU time to Xst completion: 0.08 secs
 
--> Parameter xsthdpdir set to xst


Total REAL time to Xst completion: 0.00 secs
Total CPU time to Xst completion: 0.08 secs
 
--> Reading design: Top.prj

TABLE OF CONTENTS
  1) Synthesis Options Summary
  2) HDL Parsing
  3) HDL Elaboration
  4) HDL Synthesis
       4.1) HDL Synthesis Report
  5) Advanced HDL Synthesis
       5.1) Advanced HDL Synthesis Report
  6) Low Level Synthesis
  7) Partition Report
  8) Design Summary
       8.1) Primitive and Black Box Usage
       8.2) Device utilization summary
       8.3) Partition Resource Summary
       8.4) Timing Report
            8.4.1) Clock Information
            8.4.2) Asynchronous Control Signals Information
            8.4.3) Timing Summary
            8.4.4) Timing Details
            8.4.5) Cross Clock Domains Report


=========================================================================
*                      Synthesis Options Summary                        *
=========================================================================
---- Source Parameters
Input File Name                    : "Top.prj"
Ignore Synthesis Constraint File   : NO

---- Target Parameters
Output File Name                   : "Top"
Output Format                      : NGC
Target Device                      : xc6slx16-3-csg324

---- Source Options
Top Module Name                    : Top
Automatic FSM Extraction           : YES
FSM Encoding Algorithm             : Auto
Safe Implementation                : No
FSM Style                          : LUT
RAM Extraction                     : Yes
RAM Style                          : Auto
ROM Extraction                     : Yes
Shift Register Extraction          : YES
ROM Style                          : Auto
Resource Sharing                   : YES
Asynchronous To Synchronous        : NO
Shift Register Minimum Size        : 2
Use DSP Block                      : Auto
Automatic Register Balancing       : No

---- Target Options
LUT Combining                      : Auto
Reduce Control Sets                : Auto
Add IO Buffers                     : YES
Global Maximum Fanout              : 100000
Add Generic Clock Buffer(BUFG)     : 16
Register Duplication               : YES
Optimize Instantiated Primitives   : NO
Use Clock Enable                   : Auto
Use Synchronous Set                : Auto
Use Synchronous Reset              : Auto
Pack IO Registers into IOBs        : Auto
Equivalent register Removal        : YES

---- General Options
Optimization Goal                  : Speed
Optimization Effort                : 1
Power Reduction                    : NO
Keep Hierarchy                     : No
Netlist Hierarchy                  : As_Optimized
RTL Output                         : Yes
Global Optimization                : AllClockNets
Read Cores                         : YES
Write Timing Constraints           : NO
Cross Clock Analysis               : NO
Hierarchy Separator                : /
Bus Delimiter                      : <>
Case Specifier                     : Maintain
Slice Utilization Ratio            : 100
BRAM Utilization Ratio             : 100
DSP48 Utilization Ratio            : 100
Auto BRAM Packing                  : NO
Slice Utilization Ratio Delta      : 5

=========================================================================


=========================================================================
*                          HDL Parsing                                  *
=========================================================================
Parsing VHDL file "D:\ProySisDigAva\P20_Exam\SelAnodo.vhd" into library work
Parsing entity <SelAnodo>.
Parsing architecture <Behavioral> of entity <selanodo>.
Parsing VHDL file "D:\ProySisDigAva\P20_Exam\RefreshDisplay.vhd" into library work
Parsing entity <RefreshDisplay>.
Parsing architecture <Behavioral> of entity <refreshdisplay>.
Parsing VHDL file "D:\ProySisDigAva\P20_Exam\Mux4to1.vhd" into library work
Parsing entity <Mux4to1>.
Parsing architecture <Behavioral> of entity <mux4to1>.
Parsing VHDL file "D:\ProySisDigAva\P20_Exam\DecBCD7Seg.vhd" into library work
Parsing entity <DecBCD7Seg>.
Parsing architecture <Behavioral> of entity <decbcd7seg>.
Parsing VHDL file "D:\ProySisDigAva\P20_Exam\Cont0a9.vhd" into library work
Parsing entity <Cont0a9>.
Parsing architecture <Behavioral> of entity <cont0a9>.
Parsing VHDL file "D:\ProySisDigAva\P20_Exam\Cont0a5.vhd" into library work
Parsing entity <Cont0a5>.
Parsing architecture <Behavioral> of entity <cont0a5>.
Parsing VHDL file "D:\ProySisDigAva\P20_Exam\Cont0a3.vhd" into library work
Parsing entity <Cont0a3>.
Parsing architecture <Behavioral> of entity <cont0a3>.
Parsing VHDL file "D:\ProySisDigAva\P20_Exam\Cont0a23.vhd" into library work
Parsing entity <Cont0a23>.
Parsing architecture <Behavioral> of entity <cont0a23>.
Parsing VHDL file "D:\ProySisDigAva\P20_Exam\Clk1Hz.vhd" into library work
Parsing entity <Clk1Hz>.
Parsing architecture <Behavioral> of entity <clk1hz>.
Parsing VHDL file "D:\ProySisDigAva\P20_Exam\Top.vhd" into library work
Parsing entity <Top>.
Parsing architecture <Behavioral> of entity <top>.

=========================================================================
*                            HDL Elaboration                            *
=========================================================================

Elaborating entity <Top> (architecture <Behavioral>) from library <work>.

Elaborating entity <Clk1Hz> (architecture <Behavioral>) from library <work>.

Elaborating entity <Cont0a9> (architecture <Behavioral>) from library <work>.

Elaborating entity <Cont0a5> (architecture <Behavioral>) from library <work>.

Elaborating entity <Cont0a23> (architecture <Behavioral>) from library <work>.

Elaborating entity <RefreshDisplay> (architecture <Behavioral>) from library <work>.

Elaborating entity <Cont0a3> (architecture <Behavioral>) from library <work>.

Elaborating entity <Mux4to1> (architecture <Behavioral>) from library <work>.

Elaborating entity <SelAnodo> (architecture <Behavioral>) from library <work>.

Elaborating entity <DecBCD7Seg> (architecture <Behavioral>) from library <work>.

=========================================================================
*                           HDL Synthesis                               *
=========================================================================

Synthesizing Unit <Top>.
    Related source file is "D:\ProySisDigAva\P20_Exam\Top.vhd".
    Summary:
	no macro.
Unit <Top> synthesized.

Synthesizing Unit <Clk1Hz>.
    Related source file is "D:\ProySisDigAva\P20_Exam\Clk1Hz.vhd".
    Found 27-bit register for signal <Cont>.
    Found 1-bit register for signal <ClkOut>.
    Found 27-bit adder for signal <Cont[26]_GND_6_o_add_1_OUT> created at line 50.
    Summary:
	inferred   1 Adder/Subtractor(s).
	inferred  28 D-type flip-flop(s).
	inferred   1 Multiplexer(s).
Unit <Clk1Hz> synthesized.

Synthesizing Unit <Cont0a9>.
    Related source file is "D:\ProySisDigAva\P20_Exam\Cont0a9.vhd".
    Found 4-bit register for signal <Cont>.
    Found 4-bit adder for signal <Cont[3]_GND_7_o_add_1_OUT> created at line 51.
    Summary:
	inferred   1 Adder/Subtractor(s).
	inferred   4 D-type flip-flop(s).
	inferred   2 Multiplexer(s).
Unit <Cont0a9> synthesized.

Synthesizing Unit <Cont0a5>.
    Related source file is "D:\ProySisDigAva\P20_Exam\Cont0a5.vhd".
    Found 4-bit register for signal <Cont>.
    Found 4-bit adder for signal <Cont[3]_GND_12_o_add_1_OUT> created at line 51.
    Summary:
	inferred   1 Adder/Subtractor(s).
	inferred   4 D-type flip-flop(s).
	inferred   2 Multiplexer(s).
Unit <Cont0a5> synthesized.

Synthesizing Unit <Cont0a23>.
    Related source file is "D:\ProySisDigAva\P20_Exam\Cont0a23.vhd".
    Found 4-bit register for signal <ContDec>.
    Found 4-bit register for signal <ContUni>.
    Found 4-bit adder for signal <ContUni[3]_GND_17_o_add_3_OUT> created at line 54.
    Found 4-bit adder for signal <ContDec[3]_GND_17_o_add_11_OUT> created at line 74.
    Summary:
	inferred   2 Adder/Subtractor(s).
	inferred   8 D-type flip-flop(s).
	inferred   4 Multiplexer(s).
Unit <Cont0a23> synthesized.

Synthesizing Unit <RefreshDisplay>.
    Related source file is "D:\ProySisDigAva\P20_Exam\RefreshDisplay.vhd".
    Found 17-bit register for signal <Cont>.
    Found 1-bit register for signal <ClkOut>.
    Found 17-bit adder for signal <Cont[16]_GND_18_o_add_1_OUT> created at line 50.
    Summary:
	inferred   1 Adder/Subtractor(s).
	inferred  18 D-type flip-flop(s).
	inferred   1 Multiplexer(s).
Unit <RefreshDisplay> synthesized.

Synthesizing Unit <Cont0a3>.
    Related source file is "D:\ProySisDigAva\P20_Exam\Cont0a3.vhd".
    Found 2-bit register for signal <Cont>.
    Found 2-bit adder for signal <Cont[1]_GND_19_o_add_0_OUT> created at line 42.
    Summary:
	inferred   1 Adder/Subtractor(s).
	inferred   2 D-type flip-flop(s).
Unit <Cont0a3> synthesized.

Synthesizing Unit <Mux4to1>.
    Related source file is "D:\ProySisDigAva\P20_Exam\Mux4to1.vhd".
    Found 4-bit 4-to-1 multiplexer for signal <Tiempo> created at line 39.
    Summary:
	inferred   1 Multiplexer(s).
Unit <Mux4to1> synthesized.

Synthesizing Unit <SelAnodo>.
    Related source file is "D:\ProySisDigAva\P20_Exam\SelAnodo.vhd".
    Found 4x4-bit Read Only RAM for signal <Anodo>
    Summary:
	inferred   1 RAM(s).
Unit <SelAnodo> synthesized.

Synthesizing Unit <DecBCD7Seg>.
    Related source file is "D:\ProySisDigAva\P20_Exam\DecBCD7Seg.vhd".
    Found 16x8-bit Read Only RAM for signal <Seg>
    Summary:
	inferred   1 RAM(s).
Unit <DecBCD7Seg> synthesized.

=========================================================================
HDL Synthesis Report

Macro Statistics
# RAMs                                                 : 2
 16x8-bit single-port Read Only RAM                    : 1
 4x4-bit single-port Read Only RAM                     : 1
# Adders/Subtractors                                   : 9
 17-bit adder                                          : 1
 2-bit adder                                           : 1
 27-bit adder                                          : 1
 4-bit adder                                           : 6
# Registers                                            : 11
 1-bit register                                        : 2
 17-bit register                                       : 1
 2-bit register                                        : 1
 27-bit register                                       : 1
 4-bit register                                        : 6
# Multiplexers                                         : 15
 17-bit 2-to-1 multiplexer                             : 1
 27-bit 2-to-1 multiplexer                             : 1
 4-bit 2-to-1 multiplexer                              : 12
 4-bit 4-to-1 multiplexer                              : 1

=========================================================================

=========================================================================
*                       Advanced HDL Synthesis                          *
=========================================================================


Synthesizing (advanced) Unit <Clk1Hz>.
The following registers are absorbed into counter <Cont>: 1 register on signal <Cont>.
Unit <Clk1Hz> synthesized (advanced).

Synthesizing (advanced) Unit <Cont0a3>.
The following registers are absorbed into counter <Cont>: 1 register on signal <Cont>.
Unit <Cont0a3> synthesized (advanced).

Synthesizing (advanced) Unit <DecBCD7Seg>.
INFO:Xst:3218 - HDL ADVISOR - The RAM <Mram_Seg> will be implemented on LUTs either because you have described an asynchronous read or because of currently unsupported block RAM features. If you have described an asynchronous read, making it synchronous would allow you to take advantage of available block RAM resources, for optimized device usage and improved timings. Please refer to your documentation for coding guidelines.
    -----------------------------------------------------------------------
    | ram_type           | Distributed                         |          |
    -----------------------------------------------------------------------
    | Port A                                                              |
    |     aspect ratio   | 16-word x 8-bit                     |          |
    |     weA            | connected to signal <GND>           | high     |
    |     addrA          | connected to signal <BCD>           |          |
    |     diA            | connected to signal <GND>           |          |
    |     doA            | connected to signal <Seg>           |          |
    -----------------------------------------------------------------------
Unit <DecBCD7Seg> synthesized (advanced).

Synthesizing (advanced) Unit <RefreshDisplay>.
The following registers are absorbed into counter <Cont>: 1 register on signal <Cont>.
Unit <RefreshDisplay> synthesized (advanced).

Synthesizing (advanced) Unit <SelAnodo>.
INFO:Xst:3218 - HDL ADVISOR - The RAM <Mram_Anodo> will be implemented on LUTs either because you have described an asynchronous read or because of currently unsupported block RAM features. If you have described an asynchronous read, making it synchronous would allow you to take advantage of available block RAM resources, for optimized device usage and improved timings. Please refer to your documentation for coding guidelines.
    -----------------------------------------------------------------------
    | ram_type           | Distributed                         |          |
    -----------------------------------------------------------------------
    | Port A                                                              |
    |     aspect ratio   | 4-word x 4-bit                      |          |
    |     weA            | connected to signal <GND>           | high     |
    |     addrA          | connected to signal <Sel>           |          |
    |     diA            | connected to signal <GND>           |          |
    |     doA            | connected to signal <Anodo>         |          |
    -----------------------------------------------------------------------
Unit <SelAnodo> synthesized (advanced).

=========================================================================
Advanced HDL Synthesis Report

Macro Statistics
# RAMs                                                 : 2
 16x8-bit single-port distributed Read Only RAM        : 1
 4x4-bit single-port distributed Read Only RAM         : 1
# Adders/Subtractors                                   : 6
 4-bit adder                                           : 6
# Counters                                             : 3
 17-bit up counter                                     : 1
 2-bit up counter                                      : 1
 27-bit up counter                                     : 1
# Registers                                            : 26
 Flip-Flops                                            : 26
# Multiplexers                                         : 13
 4-bit 2-to-1 multiplexer                              : 12
 4-bit 4-to-1 multiplexer                              : 1

=========================================================================

=========================================================================
*                         Low Level Synthesis                           *
=========================================================================

Optimizing unit <Top> ...

Optimizing unit <Cont0a5> ...

Optimizing unit <Cont0a23> ...

Optimizing unit <Cont0a9> ...
WARNING:Xst:1293 - FF/Latch <U3/Cont_3> has a constant value of 0 in block <Top>. This FF/Latch will be trimmed during the optimization process.

Mapping all equations...
Building and optimizing final netlist ...
Found area constraint ratio of 100 (+ 5) on block Top, actual ratio is 2.

Final Macro Processing ...

=========================================================================
Final Register Report

Macro Statistics
# Registers                                            : 71
 Flip-Flops                                            : 71

=========================================================================

=========================================================================
*                           Partition Report                            *
=========================================================================

Partition Implementation Status
-------------------------------

  No Partitions were found in this design.

-------------------------------

=========================================================================
*                            Design Summary                             *
=========================================================================

Top Level Output File Name         : Top.ngc

Primitive and Black Box Usage:
------------------------------
# BELS                             : 256
#      GND                         : 1
#      INV                         : 4
#      LUT1                        : 42
#      LUT2                        : 11
#      LUT3                        : 12
#      LUT4                        : 14
#      LUT5                        : 10
#      LUT6                        : 75
#      MUXCY                       : 42
#      VCC                         : 1
#      XORCY                       : 44
# FlipFlops/Latches                : 71
#      FDC                         : 57
#      FDCE                        : 12
#      FDE                         : 2
# Clock Buffers                    : 1
#      BUFGP                       : 1
# IO Buffers                       : 31
#      IBUF                        : 11
#      OBUF                        : 20

Device utilization summary:
---------------------------

Selected Device : 6slx16csg324-3 


Slice Logic Utilization: 
 Number of Slice Registers:              71  out of  18224     0%  
 Number of Slice LUTs:                  168  out of   9112     1%  
    Number used as Logic:               168  out of   9112     1%  

Slice Logic Distribution: 
 Number of LUT Flip Flop pairs used:    168
   Number with an unused Flip Flop:      97  out of    168    57%  
   Number with an unused LUT:             0  out of    168     0%  
   Number of fully used LUT-FF pairs:    71  out of    168    42%  
   Number of unique control sets:         6

IO Utilization: 
 Number of IOs:                          32
 Number of bonded IOBs:                  32  out of    232    13%  

Specific Feature Utilization:
 Number of BUFG/BUFGCTRLs:                1  out of     16     6%  

---------------------------
Partition Resource Summary:
---------------------------

  No Partitions were found in this design.

---------------------------


=========================================================================
Timing Report

NOTE: THESE TIMING NUMBERS ARE ONLY A SYNTHESIS ESTIMATE.
      FOR ACCURATE TIMING INFORMATION PLEASE REFER TO THE TRACE REPORT
      GENERATED AFTER PLACE-and-ROUTE.

Clock Information:
------------------
-----------------------------------+------------------------+-------+
Clock Signal                       | Clock buffer(FF name)  | Load  |
-----------------------------------+------------------------+-------+
Clk100MHz                          | BUFGP                  | 71    |
-----------------------------------+------------------------+-------+

Asynchronous Control Signals Information:
----------------------------------------
No asynchronous control signals found in this design

Timing Summary:
---------------
Speed Grade: -3

   Minimum period: 3.701ns (Maximum Frequency: 270.212MHz)
   Minimum input arrival time before clock: 4.803ns
   Maximum output required time after clock: 6.244ns
   Maximum combinational path delay: No path found

Timing Details:
---------------
All values displayed in nanoseconds (ns)

=========================================================================
Timing constraint: Default period analysis for Clock 'Clk100MHz'
  Clock period: 3.701ns (frequency: 270.212MHz)
  Total number of paths / destination ports: 1971 / 83
-------------------------------------------------------------------------
Delay:               3.701ns (Levels of Logic = 2)
  Source:            U4/Cont_3 (FF)
  Destination:       U6/ContUni_3 (FF)
  Source Clock:      Clk100MHz rising
  Destination Clock: Clk100MHz rising

  Data Path: U4/Cont_3 to U6/ContUni_3
                                Gate     Net
    Cell:in->out      fanout   Delay   Delay  Logical Name (Net Name)
    ----------------------------------------  ------------
     FDC:C->Q              5   0.447   0.962  U4/Cont_3 (U4/Cont_3)
     LUT4:I0->O            3   0.203   0.879  U4/TCO<3>1 (TCOUniMin_int)
     LUT6:I3->O            4   0.205   0.683  U6/_n0049_inv1 (U6/_n0049_inv)
     FDCE:CE                   0.322          U6/ContUni_1
    ----------------------------------------
    Total                      3.701ns (1.177ns logic, 2.524ns route)
                                       (31.8% logic, 68.2% route)

=========================================================================
Timing constraint: Default OFFSET IN BEFORE for Clock 'Clk100MHz'
  Total number of paths / destination ports: 152 / 104
-------------------------------------------------------------------------
Offset:              4.803ns (Levels of Logic = 3)
  Source:            HorEn (PAD)
  Destination:       U3/Cont_2 (FF)
  Destination Clock: Clk100MHz rising

  Data Path: HorEn to U3/Cont_2
                                Gate     Net
    Cell:in->out      fanout   Delay   Delay  Logical Name (Net Name)
    ----------------------------------------  ------------
     IBUF:I->O            23   1.222   1.258  HorEn_IBUF (HorEn_IBUF)
     LUT2:I0->O            1   0.203   0.944  EnSeg_int1 (EnSeg_int)
     LUT6:I0->O            3   0.203   0.650  U3/_n0020_inv1 (U3/_n0020_inv)
     FDCE:CE                   0.322          U3/Cont_0
    ----------------------------------------
    Total                      4.803ns (1.950ns logic, 2.853ns route)
                                       (40.6% logic, 59.4% route)

=========================================================================
Timing constraint: Default OFFSET OUT AFTER for Clock 'Clk100MHz'
  Total number of paths / destination ports: 183 / 18
-------------------------------------------------------------------------
Offset:              6.244ns (Levels of Logic = 3)
  Source:            U8/Cont_0 (FF)
  Destination:       Seg<6> (PAD)
  Source Clock:      Clk100MHz rising

  Data Path: U8/Cont_0 to Seg<6>
                                Gate     Net
    Cell:in->out      fanout   Delay   Delay  Logical Name (Net Name)
    ----------------------------------------  ------------
     FDCE:C->Q            10   0.447   1.221  U8/Cont_0 (U8/Cont_0)
     LUT6:I0->O            7   0.203   1.021  U9/Mmux_Tiempo11 (Tiempo_int<0>)
     LUT4:I0->O            1   0.203   0.579  U11/Mram_Seg41 (Seg_4_OBUF)
     OBUF:I->O                 2.571          Seg_4_OBUF (Seg<4>)
    ----------------------------------------
    Total                      6.244ns (3.424ns logic, 2.820ns route)
                                       (54.8% logic, 45.2% route)

=========================================================================

Cross Clock Domains Report:
--------------------------

Clock to Setup on destination clock Clk100MHz
---------------+---------+---------+---------+---------+
               | Src:Rise| Src:Fall| Src:Rise| Src:Fall|
Source Clock   |Dest:Rise|Dest:Rise|Dest:Fall|Dest:Fall|
---------------+---------+---------+---------+---------+
Clk100MHz      |    3.701|         |         |         |
---------------+---------+---------+---------+---------+

=========================================================================


Total REAL time to Xst completion: 4.00 secs
Total CPU time to Xst completion: 3.69 secs
 
--> 

Total memory usage is 190804 kilobytes

Number of errors   :    0 (   0 filtered)
Number of warnings :    1 (   0 filtered)
Number of infos    :    2 (   0 filtered)

